// Jest Snapshot v1, https://goo.gl/fbAQLP

exports[`render correcly 1`] = `
<View>
  <Text
    style={
      Object {
        "color": "white",
      }
    }
  >
    Distance:
     Km
  </Text>
  <Text
    style={
      Object {
        "color": "white",
      }
    }
  >
    Duration:
     min
  </Text>
</View>
`;
